[22:43:10] hand-built network: gates=148
[22:43:15] verified: matches target on all 4096 inputs
[22:43:16] after cut_rewriting: gates=139
[22:43:16] trying pebble_limit = 6 ...
[22:44:18]   failed at pebble_limit=6
[22:44:18] trying pebble_limit = 7 ...
[22:45:21]   failed at pebble_limit=7
[22:45:21] trying pebble_limit = 8 ...
[22:46:24]   failed at pebble_limit=8
[22:46:24] trying pebble_limit = 9 ...
[22:47:14] hand-built network: gates=148
[22:47:18] verified: matches target on all 4096 inputs
[22:47:19] after cut_rewriting: gates=139
[22:47:19] trying pebble_limit = 6 ...
[22:47:26]   failed at pebble_limit=6
[22:47:26] trying pebble_limit = 7 ...
[22:47:33]   failed at pebble_limit=7
[22:47:33] trying pebble_limit = 8 ...
[22:47:39]   failed at pebble_limit=8
[22:47:39] trying pebble_limit = 9 ...
[22:47:45]   failed at pebble_limit=9
[22:47:45] trying pebble_limit = 10 ...
[22:47:53]   failed at pebble_limit=10
[22:47:53] trying pebble_limit = 11 ...
[22:48:02]   failed at pebble_limit=11
[22:48:02] trying pebble_limit = 12 ...
[22:48:10]   failed at pebble_limit=12
[22:48:10] trying pebble_limit = 13 ...
[22:48:27]   failed at pebble_limit=13
[22:48:27] trying pebble_limit = 14 ...
[22:48:35]   failed at pebble_limit=14
[22:48:35] trying pebble_limit = 15 ...
[22:49:21]   failed at pebble_limit=15
[22:49:21] trying pebble_limit = 16 ...
[22:49:33]   failed at pebble_limit=16
[22:49:33] trying pebble_limit = 17 ...
[22:49:48]   failed at pebble_limit=17
[22:49:48] trying pebble_limit = 18 ...
[22:49:58]   failed at pebble_limit=18
[22:49:58] trying pebble_limit = 19 ...
[22:57:25]   failed at pebble_limit=19
[22:57:25] trying pebble_limit = 20 ...
[22:57:32]   failed at pebble_limit=20
[22:57:32] trying pebble_limit = 21 ...
[22:57:42]   failed at pebble_limit=21
[22:57:42] trying pebble_limit = 22 ...
[22:57:48]   failed at pebble_limit=22
[22:57:48] trying pebble_limit = 23 ...
[22:57:56]   failed at pebble_limit=23
[22:57:56] trying pebble_limit = 24 ...
[23:00:01]   failed at pebble_limit=24
[23:00:01] trying pebble_limit = 25 ...
[23:00:42]   failed at pebble_limit=25
[23:00:42] trying pebble_limit = 26 ...
[23:16:31]   failed at pebble_limit=26
[23:16:31] trying pebble_limit = 27 ...
[23:16:55]   failed at pebble_limit=27
[23:16:55] trying pebble_limit = 28 ...
[23:17:02]   failed at pebble_limit=28
[23:17:02] trying pebble_limit = 29 ...
[23:17:11]   failed at pebble_limit=29
[23:17:11] trying pebble_limit = 30 ...
[23:17:51]   failed at pebble_limit=30
[23:17:51] trying pebble_limit = 31 ...
[23:18:06]   failed at pebble_limit=31
[23:18:06] trying pebble_limit = 32 ...
[13:19:22]   failed at pebble_limit=32
[13:19:22] trying pebble_limit = 33 ...
[13:37:02]   failed at pebble_limit=33
[13:37:02] trying pebble_limit = 34 ...
[13:38:04]   failed at pebble_limit=34
[13:38:04] trying pebble_limit = 35 ...
[13:38:12]   failed at pebble_limit=35
[13:38:12] trying pebble_limit = 36 ...
